ΓÜá `eslint` configuration in next.config.ts is no longer supported. See more info here: https://nextjs.org/docs/app/api-reference/cli/next#next-lint-options
ΓÜá Invalid next.config.ts options detected: 
ΓÜá     Unrecognized key(s) in object: 'eslint'
ΓÜá See more info here: https://nextjs.org/docs/messages/invalid-next-config
Γû▓ Next.js 16.2.6 (Turbopack)
- Environments: .env.local

ΓÜá The "middleware" file convention is deprecated. Please use "proxy" instead. Learn more: https://nextjs.org/docs/messages/middleware-to-proxy
  Creating an optimized production build ...
Γ£ô Compiled successfully in 38.7s
  Skipping validation of types
  Finished TypeScript config validation in 112ms ...
  Collecting page data using 7 workers ...
  Generating static pages using 7 workers (0/23) ...
Error occurred prerendering page "/appointments/new". Read more: https://nextjs.org/docs/messages/prerender-error
Error [InvariantError]: Invariant: Expected workStore to be initialized. This is a bug in Next.js.
    at N (C:\Users\Personal\CascadeProjects\windsurf-project-3\.next\server\chunks\ssr\[root-of-the-server]__07jvc6n._.js:8:80647)
    at M (C:\Users\Personal\CascadeProjects\windsurf-project-3\.next\server\chunks\ssr\[root-of-the-server]__07jvc6n._.js:8:80548)
    at <unknown> (C:\Users\Personal\CascadeProjects\windsurf-project-3\.next\server\chunks\ssr\[root-of-the-server]__07jvc6n._.js:13:29238)
Export encountered an error on /appointments/new/page: /appointments/new, exiting the build.
Γ¿» Next.js build worker exited with code: 1 and signal: null
